this is a test

this is another test!!!
